>> 1 [True, True]
>> 10 [True, True]
>> 11 [True, True, True]
>> 12 [True, True, True]
>> 13 [True, True, True]
>> 14 [True, True]
>> 15 [True, True, True]
>> 16 [True, True, True]
>> 17 [True, True, True]
>> 18 [True, True, True]
>> 19 [True, True, True]
>> 2 [True, True]
>> 20 [True, True, True]
>> 21 [True, True, True]
>> 22 [True, True, True]
>> 23 [True, True, True]
>> 24 [True, True, True]
>> 3 [True, True]
>> 4 [True, True, True]
>> 5 [True, True]
>> 6 [True, True]
>> 7 [True, True, True]
>> 8 [True, True, True]
>> 9 [True, True]
