>> 100 [True]
>> 101 [True]
>> 102 [True]
>> 103 [True]
>> 104 [True]
>> 105 [True]
>> 106 [True]
>> 107 [True]
>> 108 [True]
>> 109 [True]
>> 200 [True]
>> 201 [True]
>> 202 [True]
>> 203 [True]
>> 204 [True]
>> 205 [True]
>> 206 [True]
>> 207 [True]
>> 208 [True]
>> 209 [True]
>> 300 [True]
>> 301 [True]
>> 302 [True]
>> 303 [True]
>> 304 [True]
>> 305 [True]
>> 306 [True]
>> 307 [True]
>> 308 [True]
>> 309 [True]
